Copyright 1986-2020 Xilinx, Inc. All Rights Reserved.
--------------------------------------------------------------------------------------------------------------------------------------------
| Tool Version : Vivado v.2020.2 (win64) Build 3064766 Wed Nov 18 09:12:45 MST 2020
| Date         : Sun Oct  4 22:36:59 2026
| Host         : VieupE-Desk running 64-bit major release  (build 9200)
| Command      : report_timing_summary -file D:/work_buffer/bosio_AG/github_bosio_SphericalWM/hw/vivado_proj_output/bs25_timing_summary.rpt
| Design       : bosio_out_system_wrapper
| Device       : 7z020-clg400
| Speed File   : -1  PRODUCTION 1.12 2019-11-22
--------------------------------------------------------------------------------------------------------------------------------------------

Timing Summary Report

------------------------------------------------------------------------------------------------
| Timer Settings
| --------------
------------------------------------------------------------------------------------------------

  Enable Multi Corner Analysis               :  Yes
  Enable Pessimism Removal                   :  Yes
  Pessimism Removal Resolution               :  Nearest Common Node
  Enable Input Delay Default Clock           :  No
  Enable Preset / Clear Arcs                 :  No
  Disable Flight Delays                      :  No
  Ignore I/O Paths                           :  No
  Timing Early Launch at Borrowing Latches   :  No
  Borrow Time for Max Delay Exceptions       :  Yes
  Merge Timing Exceptions                    :  Yes

  Corner  Analyze    Analyze
  Name    Max Paths  Min Paths
  ------  ---------  ---------
  Slow    Yes        Yes
  Fast    Yes        Yes



check_timing report

Table of Contents
-----------------
1. checking no_clock (0)
2. checking constant_clock (0)
3. checking pulse_width_clock (0)
4. checking unconstrained_internal_endpoints (0)
5. checking no_input_delay (6)
6. checking no_output_delay (2)
7. checking multiple_clock (0)
8. checking generated_clocks (0)
9. checking loops (0)
10. checking partial_input_delay (0)
11. checking partial_output_delay (0)
12. checking latch_loops (0)

1. checking no_clock (0)
------------------------
 There are 0 register/latch pins with no clock.


2. checking constant_clock (0)
------------------------------
 There are 0 register/latch pins with constant_clock.


3. checking pulse_width_clock (0)
---------------------------------
 There are 0 register/latch pins which need pulse_width check


4. checking unconstrained_internal_endpoints (0)
------------------------------------------------
 There are 0 pins that are not constrained for maximum delay.

 There are 0 pins that are not constrained for maximum delay due to constant clock.


5. checking no_input_delay (6)
------------------------------
 There are 6 input ports with no input delay specified. (HIGH)

 There are 0 input ports with no input delay but user has a false path constraint.


6. checking no_output_delay (2)
-------------------------------
 There are 2 ports with no output delay specified. (HIGH)

 There are 0 ports with no output delay but user has a false path constraint

 There are 0 ports with no output delay but with a timing clock defined on it or propagating through it


7. checking multiple_clock (0)
------------------------------
 There are 0 register/latch pins with multiple clocks.


8. checking generated_clocks (0)
--------------------------------
 There are 0 generated clocks that are not connected to a clock source.


9. checking loops (0)
---------------------
 There are 0 combinational loops in the design.


10. checking partial_input_delay (0)
------------------------------------
 There are 0 input ports with partial input delay specified.


11. checking partial_output_delay (0)
-------------------------------------
 There are 0 ports with partial output delay specified.


12. checking latch_loops (0)
----------------------------
 There are 0 combinational latch loops in the design through latch input



------------------------------------------------------------------------------------------------
| Design Timing Summary
| ---------------------
------------------------------------------------------------------------------------------------

    WNS(ns)      TNS(ns)  TNS Failing Endpoints  TNS Total Endpoints      WHS(ns)      THS(ns)  THS Failing Endpoints  THS Total Endpoints     WPWS(ns)     TPWS(ns)  TPWS Failing Endpoints  TPWS Total Endpoints
    -------      -------  ---------------------  -------------------      -------      -------  ---------------------  -------------------     --------     --------  ----------------------  --------------------
      0.111        0.000                      0                65511        0.019        0.000                      0                65511        3.000        0.000                       0                 26204


All user specified timing constraints are met.


------------------------------------------------------------------------------------------------
| Clock Summary
| -------------
------------------------------------------------------------------------------------------------

Clock                                      Waveform(ns)       Period(ns)      Frequency(MHz)
-----                                      ------------       ----------      --------------
bosio_out_system_i/clk_wiz_0/inst/clk_in1  {0.000 5.000}      10.000          100.000
  clk_out1_bosio_out_system_clk_wiz_0_0    {0.000 5.000}      10.000          100.000
  clk_out2_bosio_out_system_clk_wiz_0_0    {0.000 6.737}      13.474          74.219
  clkfbout_bosio_out_system_clk_wiz_0_0    {0.000 5.000}      10.000          100.000
clk_fpga_0                                 {0.000 5.000}      10.000          100.000


------------------------------------------------------------------------------------------------
| Intra Clock Table
| -----------------
------------------------------------------------------------------------------------------------

Clock                                          WNS(ns)      TNS(ns)  TNS Failing Endpoints  TNS Total Endpoints      WHS(ns)      THS(ns)  THS Failing Endpoints  THS Total Endpoints     WPWS(ns)     TPWS(ns)  TPWS Failing Endpoints  TPWS Total Endpoints
-----                                          -------      -------  ---------------------  -------------------      -------      -------  ---------------------  -------------------     --------     --------  ----------------------  --------------------
bosio_out_system_i/clk_wiz_0/inst/clk_in1                                                                                                                                                    3.000        0.000                       0                     1
  clk_out1_bosio_out_system_clk_wiz_0_0          0.111        0.000                      0                63712        0.019        0.000                      0                63712        3.750        0.000                       0                 25807
  clk_out2_bosio_out_system_clk_wiz_0_0          7.665        0.000                      0                  648        0.109        0.000                      0                  648        5.757        0.000                       0                   392
  clkfbout_bosio_out_system_clk_wiz_0_0                                                                                                                                                      7.845        0.000                       0                     3
clk_fpga_0                                                                                                                                                                                   7.845        0.000                       0                     1


------------------------------------------------------------------------------------------------
| Inter Clock Table
| -----------------
------------------------------------------------------------------------------------------------

From Clock    To Clock          WNS(ns)      TNS(ns)  TNS Failing Endpoints  TNS Total Endpoints      WHS(ns)      THS(ns)  THS Failing Endpoints  THS Total Endpoints
----------    --------          -------      -------  ---------------------  -------------------      -------      -------  ---------------------  -------------------


------------------------------------------------------------------------------------------------
| Other Path Groups Table
| -----------------------
------------------------------------------------------------------------------------------------

Path Group                             From Clock                             To Clock                                   WNS(ns)      TNS(ns)  TNS Failing Endpoints  TNS Total Endpoints      WHS(ns)      THS(ns)  THS Failing Endpoints  THS Total Endpoints
----------                             ----------                             --------                                   -------      -------  ---------------------  -------------------      -------      -------  ---------------------  -------------------
**async_default**                      clk_out1_bosio_out_system_clk_wiz_0_0  clk_out1_bosio_out_system_clk_wiz_0_0        1.087        0.000                      0                 1151        0.744        0.000                      0                 1151


------------------------------------------------------------------------------------------------
| Timing Details
| --------------
------------------------------------------------------------------------------------------------


---------------------------------------------------------------------------------------------------
From Clock:  bosio_out_system_i/clk_wiz_0/inst/clk_in1
  To Clock:  bosio_out_system_i/clk_wiz_0/inst/clk_in1

Setup :           NA  Failing Endpoints,  Worst Slack           NA  ,  Total Violation           NA
Hold  :           NA  Failing Endpoints,  Worst Slack           NA  ,  Total Violation           NA
PW    :            0  Failing Endpoints,  Worst Slack        3.000ns,  Total Violation        0.000ns
---------------------------------------------------------------------------------------------------


Pulse Width Checks
--------------------------------------------------------------------------------------
Clock Name:         bosio_out_system_i/clk_wiz_0/inst/clk_in1
Waveform(ns):       { 0.000 5.000 }
Period(ns):         10.000
Sources:            { bosio_out_system_i/clk_wiz_0/inst/clk_in1 }

Check Type        Corner  Lib Pin            Reference Pin  Required(ns)  Actual(ns)  Slack(ns)  Location         Pin
Min Period        n/a     MMCME2_ADV/CLKIN1  n/a            1.249         10.000      8.751      MMCME2_ADV_X1Y0  bosio_out_system_i/clk_wiz_0/inst/mmcm_adv_inst/CLKIN1
Max Period        n/a     MMCME2_ADV/CLKIN1  n/a            100.000       10.000      90.000     MMCME2_ADV_X1Y0  bosio_out_system_i/clk_wiz_0/inst/mmcm_adv_inst/CLKIN1
Low Pulse Width   Slow    MMCME2_ADV/CLKIN1  n/a            2.000         5.000       3.000      MMCME2_ADV_X1Y0  bosio_out_system_i/clk_wiz_0/inst/mmcm_adv_inst/CLKIN1
High Pulse Width  Slow    MMCME2_ADV/CLKIN1  n/a            2.000         5.000       3.000      MMCME2_ADV_X1Y0  bosio_out_system_i/clk_wiz_0/inst/mmcm_adv_inst/CLKIN1



---------------------------------------------------------------------------------------------------
From Clock:  clk_out1_bosio_out_system_clk_wiz_0_0
  To Clock:  clk_out1_bosio_out_system_clk_wiz_0_0

Setup :            0  Failing Endpoints,  Worst Slack        0.111ns,  Total Violation        0.000ns
Hold  :            0  Failing Endpoints,  Worst Slack        0.019ns,  Total Violation        0.000ns
PW    :            0  Failing Endpoints,  Worst Slack        3.750ns,  Total Violation        0.000ns
---------------------------------------------------------------------------------------------------


Max Delay Paths
--------------------------------------------------------------------------------------
Slack (MET) :             0.111ns  (required time - arrival time)
  Source:                 bosio_out_system_i/output_core_0/inst/u_sensor_pose/row_index_reg[4]/C
                            (rising edge-triggered cell FDRE clocked by clk_out1_bosio_out_system_clk_wiz_0_0  {rise@0.000ns fall@5.000ns period=10.000ns})
  Destination:            bosio_out_system_i/output_core_0/inst/u_sensor_pose/mul_ux_reg[1]/D
                            (rising edge-triggered cell FDRE clocked by clk_out1_bosio_out_system_clk_wiz_0_0  {rise@0.000ns fall@5.000ns period=10.000ns})
  Path Group:             clk_out1_bosio_out_system_clk_wiz_0_0
  Path Type:              Setup (Max at Slow Process Corner)
  Requirement:            10.000ns  (clk_out1_bosio_out_system_clk_wiz_0_0 rise@10.000ns - clk_out1_bosio_out_system_clk_wiz_0_0 rise@0.000ns)
  Data Path Delay:        9.691ns  (logic 4.421ns (45.621%)  route 5.270ns (54.379%))
  Logic Levels:           2  (DSP48E1=1 LUT6=1)
  Clock Path Skew:        -0.059ns (DCD - SCD + CPR)
    Destination Clock Delay (DCD):    1.556ns = ( 11.556 - 10.000 )
    Source Clock Delay      (SCD):    1.730ns
    Clock Pessimism Removal (CPR):    0.115ns
  Clock Uncertainty:      0.068ns  ((TSJ^2 + DJ^2)^1/2) / 2 + PE
    Total System Jitter     (TSJ):    0.071ns
    Discrete Jitter          (DJ):    0.116ns
    Phase Error              (PE):    0.000ns

    Location             Delay type                Incr(ns)  Path(ns)    Netlist Resource(s)
  -------------------------------------------------------------------    -------------------
                         (clock clk_out1_bosio_out_system_clk_wiz_0_0 rise edge)
                                                      0.000     0.000 r
    BUFGCTRL_X0Y16       BUFG                         0.000     0.000 r  bosio_out_system_i/ps7_0/inst/buffer_fclk_clk_0.FCLK_CLK_0_BUFG/O
                         net (fo=1, routed)           1.806     1.806    bosio_out_system_i/clk_wiz_0/inst/clk_in1
    MMCME2_ADV_X1Y0      MMCME2_ADV (Prop_mmcme2_adv_CLKIN1_CLKOUT0)
                                                     -3.793    -1.987 r  bosio_out_system_i/clk_wiz_0/inst/mmcm_adv_inst/CLKOUT0
                         net (fo=1, routed)           1.889    -0.098    bosio_out_system_i/clk_wiz_0/inst/clk_out1_bosio_out_system_clk_wiz_0_0
    BUFGCTRL_X0Y0        BUFG (Prop_bufg_I_O)         0.101     0.003 r  bosio_out_system_i/clk_wiz_0/inst/clkout1_buf/O
                         net (fo=25857, routed)       1.727     1.730    bosio_out_system_i/output_core_0/inst/u_sensor_pose/aclk
    SLICE_X60Y41         FDRE                                         r  bosio_out_system_i/output_core_0/inst/u_sensor_pose/row_index_reg[4]/C
  -------------------------------------------------------------------    -------------------
    SLICE_X60Y41         FDRE (Prop_fdre_C_Q)         0.456     2.186 r  bosio_out_system_i/output_core_0/inst/u_sensor_pose/row_index_reg[4]/Q
                         net (fo=35, routed)          1.326     3.512    bosio_out_system_i/output_core_0/inst/u_sensor_pose/sel0[4]
    SLICE_X56Y46         LUT6 (Prop_lut6_I0_O)        0.124     3.636 r  bosio_out_system_i/output_core_0/inst/u_sensor_pose/mul_rx0_i_6/O
                         net (fo=54, routed)          1.919     5.555    bosio_out_system_i/output_core_0/inst/u_sensor_pose/mul_rx0_i_6_n_0
    DSP48_X4Y22          DSP48E1 (Prop_dsp48e1_A[24]_P[1])
                                                      3.841     9.396 r  bosio_out_system_i/output_core_0/inst/u_sensor_pose/mul_ux0/P[1]
                         net (fo=1, routed)           2.025    11.421    bosio_out_system_i/output_core_0/inst/u_sensor_pose/mul_ux0_n_104
    SLICE_X72Y38         FDRE                                         r  bosio_out_system_i/output_core_0/inst/u_sensor_pose/mul_ux_reg[1]/D
  -------------------------------------------------------------------    -------------------

                         (clock clk_out1_bosio_out_system_clk_wiz_0_0 rise edge)
                                                     10.000    10.000 r
    BUFGCTRL_X0Y16       BUFG                         0.000    10.000 r  bosio_out_system_i/ps7_0/inst/buffer_fclk_clk_0.FCLK_CLK_0_BUFG/O
                         net (fo=1, routed)           1.612    11.612    bosio_out_system_i/clk_wiz_0/inst/clk_in1
    MMCME2_ADV_X1Y0      MMCME2_ADV (Prop_mmcme2_adv_CLKIN1_CLKOUT0)
                                                     -3.425     8.187 r  bosio_out_system_i/clk_wiz_0/inst/mmcm_adv_inst/CLKOUT0
                         net (fo=1, routed)           1.725     9.912    bosio_out_system_i/clk_wiz_0/inst/clk_out1_bosio_out_system_clk_wiz_0_0
    BUFGCTRL_X0Y0        BUFG (Prop_bufg_I_O)         0.091    10.003 r  bosio_out_system_i/clk_wiz_0/inst/clkout1_buf/O
                         net (fo=25857, routed)       1.553    11.556    bosio_out_system_i/output_core_0/inst/u_sensor_pose/aclk
    SLICE_X72Y38         FDRE                                         r  bosio_out_system_i/output_core_0/inst/u_sensor_pose/mul_ux_reg[1]/C
                         clock pessimism              0.115    11.671
                         clock uncertainty           -0.068    11.603
    SLICE_X72Y38         FDRE (Setup_fdre_C_D)       -0.071    11.532    bosio_out_system_i/output_core_0/inst/u_sensor_pose/mul_ux_reg[1]
  -------------------------------------------------------------------
                         required time                         11.532
                         arrival time                         -11.421
  -------------------------------------------------------------------
                         slack                                  0.111





Min Delay Paths
--------------------------------------------------------------------------------------
Slack (MET) :             0.019ns  (arrival time - required time)
  Source:                 bosio_out_system_i/output_core_0/inst/u_projector/shadow_reg[133][8]/C
                            (rising edge-triggered cell FDRE clocked by clk_out1_bosio_out_system_clk_wiz_0_0  {rise@0.000ns fall@5.000ns period=10.000ns})
  Destination:            bosio_out_system_i/output_core_0/inst/u_projector/dda[44].dx_reg[44][8]/D
                            (rising edge-triggered cell FDRE clocked by clk_out1_bosio_out_system_clk_wiz_0_0  {rise@0.000ns fall@5.000ns period=10.000ns})
  Path Group:             clk_out1_bosio_out_system_clk_wiz_0_0
  Path Type:              Hold (Min at Fast Process Corner)
  Requirement:            0.000ns  (clk_out1_bosio_out_system_clk_wiz_0_0 rise@0.000ns - clk_out1_bosio_out_system_clk_wiz_0_0 rise@0.000ns)
  Data Path Delay:        0.310ns  (logic 0.148ns (47.780%)  route 0.162ns (52.220%))
  Logic Levels:           0
  Clock Path Skew:        0.266ns (DCD - SCD - CPR)
    Destination Clock Delay (DCD):    0.817ns
    Source Clock Delay      (SCD):    0.546ns
    Clock Pessimism Removal (CPR):    0.005ns

    Location             Delay type                Incr(ns)  Path(ns)    Netlist Resource(s)
  -------------------------------------------------------------------    -------------------
                         (clock clk_out1_bosio_out_system_clk_wiz_0_0 rise edge)
                                                      0.000     0.000 r
    BUFGCTRL_X0Y16       BUFG                         0.000     0.000 r  bosio_out_system_i/ps7_0/inst/buffer_fclk_clk_0.FCLK_CLK_0_BUFG/O
                         net (fo=1, routed)           0.597     0.597    bosio_out_system_i/clk_wiz_0/inst/clk_in1
    MMCME2_ADV_X1Y0      MMCME2_ADV (Prop_mmcme2_adv_CLKIN1_CLKOUT0)
                                                     -1.150    -0.553 r  bosio_out_system_i/clk_wiz_0/inst/mmcm_adv_inst/CLKOUT0
                         net (fo=1, routed)           0.529    -0.024    bosio_out_system_i/clk_wiz_0/inst/clk_out1_bosio_out_system_clk_wiz_0_0
    BUFGCTRL_X0Y0        BUFG (Prop_bufg_I_O)         0.026     0.002 r  bosio_out_system_i/clk_wiz_0/inst/clkout1_buf/O
                         net (fo=25857, routed)       0.544     0.546    bosio_out_system_i/output_core_0/inst/u_projector/aclk
    SLICE_X50Y78         FDRE                                         r  bosio_out_system_i/output_core_0/inst/u_projector/shadow_reg[133][8]/C
  -------------------------------------------------------------------    -------------------
    SLICE_X50Y78         FDRE (Prop_fdre_C_Q)         0.148     0.694 r  bosio_out_system_i/output_core_0/inst/u_projector/shadow_reg[133][8]/Q
                         net (fo=1, routed)           0.162     0.855    bosio_out_system_i/output_core_0/inst/u_projector/shadow_reg_n_0_[133][8]
    SLICE_X48Y79         FDRE                                         r  bosio_out_system_i/output_core_0/inst/u_projector/dda[44].dx_reg[44][8]/D
  -------------------------------------------------------------------    -------------------

                         (clock clk_out1_bosio_out_system_clk_wiz_0_0 rise edge)
                                                      0.000     0.000 r
    BUFGCTRL_X0Y16       BUFG                         0.000     0.000 r  bosio_out_system_i/ps7_0/inst/buffer_fclk_clk_0.FCLK_CLK_0_BUFG/O
                         net (fo=1, routed)           0.864     0.864    bosio_out_system_i/clk_wiz_0/inst/clk_in1
    MMCME2_ADV_X1Y0      MMCME2_ADV (Prop_mmcme2_adv_CLKIN1_CLKOUT0)
                                                     -1.467    -0.603 r  bosio_out_system_i/clk_wiz_0/inst/mmcm_adv_inst/CLKOUT0
                         net (fo=1, routed)           0.576    -0.027    bosio_out_system_i/clk_wiz_0/inst/clk_out1_bosio_out_system_clk_wiz_0_0
    BUFGCTRL_X0Y0        BUFG (Prop_bufg_I_O)         0.029     0.002 r  bosio_out_system_i/clk_wiz_0/inst/clkout1_buf/O
                         net (fo=25857, routed)       0.815     0.817    bosio_out_system_i/output_core_0/inst/u_projector/aclk
    SLICE_X48Y79         FDRE                                         r  bosio_out_system_i/output_core_0/inst/u_projector/dda[44].dx_reg[44][8]/C
                         clock pessimism             -0.005     0.812
    SLICE_X48Y79         FDRE (Hold_fdre_C_D)         0.024     0.836    bosio_out_system_i/output_core_0/inst/u_projector/dda[44].dx_reg[44][8]
  -------------------------------------------------------------------
                         required time                         -0.836
                         arrival time                           0.855
  -------------------------------------------------------------------
                         slack                                  0.019





Pulse Width Checks
--------------------------------------------------------------------------------------
Clock Name:         clk_out1_bosio_out_system_clk_wiz_0_0
Waveform(ns):       { 0.000 5.000 }
Period(ns):         10.000
Sources:            { bosio_out_system_i/clk_wiz_0/inst/mmcm_adv_inst/CLKOUT0 }

Check Type        Corner  Lib Pin             Reference Pin  Required(ns)  Actual(ns)  Slack(ns)  Location         Pin
Min Period        n/a     DSP48E1/CLK         n/a            3.884         10.000      6.116      DSP48_X1Y13      bosio_out_system_i/output_core_0/inst/u_sensor_pose/center_prod_y_reg__0/CLK
Max Period        n/a     MMCME2_ADV/CLKOUT0  n/a            213.360       10.000      203.360    MMCME2_ADV_X1Y0  bosio_out_system_i/clk_wiz_0/inst/mmcm_adv_inst/CLKOUT0
Low Pulse Width   Fast    RAMD64E/CLK         n/a            1.250         5.000       3.750      SLICE_X26Y56     bosio_out_system_i/output_core_0/inst/ddr_cache.u_cache/queue_reg_0_63_12_14/RAMA/CLK
High Pulse Width  Slow    RAMD32/CLK          n/a            1.250         5.000       3.750      SLICE_X4Y26      bosio_out_system_i/axi_mem_intercon/s00_couplers/auto_pc/inst/gen_axi4_axi3.axi3_conv_inst/USE_READ.USE_SPLIT_R.read_addr_inst/USE_R_CHANNEL.cmd_queue/inst/fifo_gen_inst/inst_fifo_gen/gconvfifo.rf/grf.rf/gntv_or_sync_fifo.mem/gdm.dm_gen.dm/RAM_reg_0_31_0_0/DP/CLK



---------------------------------------------------------------------------------------------------
From Clock:  clk_out2_bosio_out_system_clk_wiz_0_0
  To Clock:  clk_out2_bosio_out_system_clk_wiz_0_0

Setup :            0  Failing Endpoints,  Worst Slack        7.665ns,  Total Violation        0.000ns
Hold  :            0  Failing Endpoints,  Worst Slack        0.109ns,  Total Violation        0.000ns
PW    :            0  Failing Endpoints,  Worst Slack        5.757ns,  Total Violation        0.000ns
---------------------------------------------------------------------------------------------------


Max Delay Paths
--------------------------------------------------------------------------------------
Slack (MET) :             7.665ns  (required time - arrival time)
  Source:                 bosio_out_system_i/vid_out_0/inst/COUPLER_INST/generate_async_fifo.FIFO_INST/XPM_FIFO_ASYNC_INST/gnuram_async_fifo.xpm_fifo_base_inst/gen_sdpram.xpm_memory_base_inst/gen_wr_a.gen_word_narrow.mem_reg_1/CLKBWRCLK
                            (rising edge-triggered cell RAMB18E1 clocked by clk_out2_bosio_out_system_clk_wiz_0_0  {rise@0.000ns fall@6.737ns period=13.474ns})
  Destination:            bosio_out_system_i/vid_out_0/inst/SYNC_INST/FSM_sequential_state_reg[3]/D
                            (rising edge-triggered cell FDRE clocked by clk_out2_bosio_out_system_clk_wiz_0_0  {rise@0.000ns fall@6.737ns period=13.474ns})
  Path Group:             clk_out2_bosio_out_system_clk_wiz_0_0
  Path Type:              Setup (Max at Slow Process Corner)
  Requirement:            13.474ns  (clk_out2_bosio_out_system_clk_wiz_0_0 rise@13.474ns - clk_out2_bosio_out_system_clk_wiz_0_0 rise@0.000ns)
  Data Path Delay:        5.727ns  (logic 1.378ns (24.060%)  route 4.349ns (75.940%))
  Logic Levels:           4  (LUT2=1 LUT5=1 LUT6=2)
  Clock Path Skew:        -0.039ns (DCD - SCD + CPR)
    Destination Clock Delay (DCD):    1.690ns = ( 15.164 - 13.474 )
    Source Clock Delay      (SCD):    1.844ns
    Clock Pessimism Removal (CPR):    0.115ns
  Clock Uncertainty:      0.071ns  ((TSJ^2 + DJ^2)^1/2) / 2 + PE
    Total System Jitter     (TSJ):    0.071ns
    Discrete Jitter          (DJ):    0.123ns
    Phase Error              (PE):    0.000ns

    Location             Delay type                Incr(ns)  Path(ns)    Netlist Resource(s)
  -------------------------------------------------------------------    -------------------
                         (clock clk_out2_bosio_out_system_clk_wiz_0_0 rise edge)
                                                      0.000     0.000 r
    BUFGCTRL_X0Y16       BUFG                         0.000     0.000 r  bosio_out_system_i/ps7_0/inst/buffer_fclk_clk_0.FCLK_CLK_0_BUFG/O
                         net (fo=1, routed)           1.806     1.806    bosio_out_system_i/clk_wiz_0/inst/clk_in1
    MMCME2_ADV_X1Y0      MMCME2_ADV (Prop_mmcme2_adv_CLKIN1_CLKOUT1)
                                                     -3.793    -1.987 r  bosio_out_system_i/clk_wiz_0/inst/mmcm_adv_inst/CLKOUT1
                         net (fo=1, routed)           1.889    -0.098    bosio_out_system_i/clk_wiz_0/inst/clk_out2_bosio_out_system_clk_wiz_0_0
    BUFGCTRL_X0Y1        BUFG (Prop_bufg_I_O)         0.101     0.003 r  bosio_out_system_i/clk_wiz_0/inst/clkout2_buf/O
                         net (fo=390, routed)         1.841     1.844    bosio_out_system_i/vid_out_0/inst/COUPLER_INST/generate_async_fifo.FIFO_INST/XPM_FIFO_ASYNC_INST/gnuram_async_fifo.xpm_fifo_base_inst/gen_sdpram.xpm_memory_base_inst/clkb
    RAMB18_X5Y16         RAMB18E1                                     r  bosio_out_system_i/vid_out_0/inst/COUPLER_INST/generate_async_fifo.FIFO_INST/XPM_FIFO_ASYNC_INST/gnuram_async_fifo.xpm_fifo_base_inst/gen_sdpram.xpm_memory_base_inst/gen_wr_a.gen_word_narrow.mem_reg_1/CLKBWRCLK
  -------------------------------------------------------------------    -------------------
    RAMB18_X5Y16         RAMB18E1 (Prop_ramb18e1_CLKBWRCLK_DOBDO[7])
                                                      0.882     2.726 f  bosio_out_system_i/vid_out_0/inst/COUPLER_INST/generate_async_fifo.FIFO_INST/XPM_FIFO_ASYNC_INST/gnuram_async_fifo.xpm_fifo_base_inst/gen_sdpram.xpm_memory_base_inst/gen_wr_a.gen_word_narrow.mem_reg_1/DOBDO[7]
                         net (fo=11, routed)          1.477     4.203    bosio_out_system_i/vid_out_0/inst/SYNC_INST/dout[1]
    SLICE_X106Y34        LUT2 (Prop_lut2_I1_O)        0.124     4.327 r  bosio_out_system_i/vid_out_0/inst/SYNC_INST/FSM_sequential_state[3]_i_5/O
                         net (fo=5, routed)           1.041     5.369    bosio_out_system_i/vid_out_0/inst/SYNC_INST/p_18_in
    SLICE_X109Y28        LUT6 (Prop_lut6_I3_O)        0.124     5.493 r  bosio_out_system_i/vid_out_0/inst/SYNC_INST/FSM_sequential_state[3]_i_8/O
                         net (fo=2, routed)           0.961     6.454    bosio_out_system_i/vid_out_0/inst/SYNC_INST/next_state121_out
    SLICE_X107Y31        LUT5 (Prop_lut5_I2_O)        0.124     6.578 r  bosio_out_system_i/vid_out_0/inst/SYNC_INST/FSM_sequential_state[3]_i_2/O
                         net (fo=1, routed)           0.870     7.448    bosio_out_system_i/vid_out_0/inst/SYNC_INST/FSM_sequential_state[3]_i_2_n_0
    SLICE_X106Y31        LUT6 (Prop_lut6_I0_O)        0.124     7.572 r  bosio_out_system_i/vid_out_0/inst/SYNC_INST/FSM_sequential_state[3]_i_1/O
                         net (fo=1, routed)           0.000     7.572    bosio_out_system_i/vid_out_0/inst/SYNC_INST/FSM_sequential_state[3]_i_1_n_0
    SLICE_X106Y31        FDRE                                         r  bosio_out_system_i/vid_out_0/inst/SYNC_INST/FSM_sequential_state_reg[3]/D
  -------------------------------------------------------------------    -------------------

                         (clock clk_out2_bosio_out_system_clk_wiz_0_0 rise edge)
                                                     13.474    13.474 r
    BUFGCTRL_X0Y16       BUFG                         0.000    13.474 r  bosio_out_system_i/ps7_0/inst/buffer_fclk_clk_0.FCLK_CLK_0_BUFG/O
                         net (fo=1, routed)           1.612    15.086    bosio_out_system_i/clk_wiz_0/inst/clk_in1
    MMCME2_ADV_X1Y0      MMCME2_ADV (Prop_mmcme2_adv_CLKIN1_CLKOUT1)
                                                     -3.425    11.661 r  bosio_out_system_i/clk_wiz_0/inst/mmcm_adv_inst/CLKOUT1
                         net (fo=1, routed)           1.725    13.386    bosio_out_system_i/clk_wiz_0/inst/clk_out2_bosio_out_system_clk_wiz_0_0
    BUFGCTRL_X0Y1        BUFG (Prop_bufg_I_O)         0.091    13.477 r  bosio_out_system_i/clk_wiz_0/inst/clkout2_buf/O
                         net (fo=390, routed)         1.687    15.164    bosio_out_system_i/vid_out_0/inst/SYNC_INST/vid_io_out_clk
    SLICE_X106Y31        FDRE                                         r  bosio_out_system_i/vid_out_0/inst/SYNC_INST/FSM_sequential_state_reg[3]/C
                         clock pessimism              0.115    15.279
                         clock uncertainty           -0.071    15.208
    SLICE_X106Y31        FDRE (Setup_fdre_C_D)        0.029    15.237    bosio_out_system_i/vid_out_0/inst/SYNC_INST/FSM_sequential_state_reg[3]
  -------------------------------------------------------------------
                         required time                         15.237
                         arrival time                          -7.572
  -------------------------------------------------------------------
                         slack                                  7.665





Min Delay Paths
--------------------------------------------------------------------------------------
Slack (MET) :             0.109ns  (arrival time - required time)
  Source:                 bosio_out_system_i/vid_out_0/inst/COUPLER_INST/generate_async_fifo.FIFO_INST/XPM_FIFO_ASYNC_INST/gnuram_async_fifo.xpm_fifo_base_inst/rdp_inst/count_value_i_reg[7]/C
                            (rising edge-triggered cell FDRE clocked by clk_out2_bosio_out_system_clk_wiz_0_0  {rise@0.000ns fall@6.737ns period=13.474ns})
  Destination:            bosio_out_system_i/vid_out_0/inst/COUPLER_INST/generate_async_fifo.FIFO_INST/XPM_FIFO_ASYNC_INST/gnuram_async_fifo.xpm_fifo_base_inst/gen_sdpram.xpm_memory_base_inst/gen_wr_a.gen_word_narrow.mem_reg_1/ADDRBWRADDR[10]
                            (rising edge-triggered cell RAMB18E1 clocked by clk_out2_bosio_out_system_clk_wiz_0_0  {rise@0.000ns fall@6.737ns period=13.474ns})
  Path Group:             clk_out2_bosio_out_system_clk_wiz_0_0
  Path Type:              Hold (Min at Fast Process Corner)
  Requirement:            0.000ns  (clk_out2_bosio_out_system_clk_wiz_0_0 rise@0.000ns - clk_out2_bosio_out_system_clk_wiz_0_0 rise@0.000ns)
  Data Path Delay:        0.373ns  (logic 0.141ns (37.849%)  route 0.232ns (62.151%))
  Logic Levels:           0
  Clock Path Skew:        0.080ns (DCD - SCD - CPR)
    Destination Clock Delay (DCD):    0.925ns
    Source Clock Delay      (SCD):    0.612ns
    Clock Pessimism Removal (CPR):    0.233ns

    Location             Delay type                Incr(ns)  Path(ns)    Netlist Resource(s)
  -------------------------------------------------------------------    -------------------
                         (clock clk_out2_bosio_out_system_clk_wiz_0_0 rise edge)
                                                      0.000     0.000 r
    BUFGCTRL_X0Y16       BUFG                         0.000     0.000 r  bosio_out_system_i/ps7_0/inst/buffer_fclk_clk_0.FCLK_CLK_0_BUFG/O
                         net (fo=1, routed)           0.597     0.597    bosio_out_system_i/clk_wiz_0/inst/clk_in1
    MMCME2_ADV_X1Y0      MMCME2_ADV (Prop_mmcme2_adv_CLKIN1_CLKOUT1)
                                                     -1.150    -0.553 r  bosio_out_system_i/clk_wiz_0/inst/mmcm_adv_inst/CLKOUT1
                         net (fo=1, routed)           0.529    -0.024    bosio_out_system_i/clk_wiz_0/inst/clk_out2_bosio_out_system_clk_wiz_0_0
    BUFGCTRL_X0Y1        BUFG (Prop_bufg_I_O)         0.026     0.002 r  bosio_out_system_i/clk_wiz_0/inst/clkout2_buf/O
                         net (fo=390, routed)         0.610     0.612    bosio_out_system_i/vid_out_0/inst/COUPLER_INST/generate_async_fifo.FIFO_INST/XPM_FIFO_ASYNC_INST/gnuram_async_fifo.xpm_fifo_base_inst/rdp_inst/rd_clk
    SLICE_X103Y39        FDRE                                         r  bosio_out_system_i/vid_out_0/inst/COUPLER_INST/generate_async_fifo.FIFO_INST/XPM_FIFO_ASYNC_INST/gnuram_async_fifo.xpm_fifo_base_inst/rdp_inst/count_value_i_reg[7]/C
  -------------------------------------------------------------------    -------------------
    SLICE_X103Y39        FDRE (Prop_fdre_C_Q)         0.141     0.753 r  bosio_out_system_i/vid_out_0/inst/COUPLER_INST/generate_async_fifo.FIFO_INST/XPM_FIFO_ASYNC_INST/gnuram_async_fifo.xpm_fifo_base_inst/rdp_inst/count_value_i_reg[7]/Q
                         net (fo=8, routed)           0.232     0.984    bosio_out_system_i/vid_out_0/inst/COUPLER_INST/generate_async_fifo.FIFO_INST/XPM_FIFO_ASYNC_INST/gnuram_async_fifo.xpm_fifo_base_inst/gen_sdpram.xpm_memory_base_inst/addrb[7]
    RAMB18_X5Y16         RAMB18E1                                     r  bosio_out_system_i/vid_out_0/inst/COUPLER_INST/generate_async_fifo.FIFO_INST/XPM_FIFO_ASYNC_INST/gnuram_async_fifo.xpm_fifo_base_inst/gen_sdpram.xpm_memory_base_inst/gen_wr_a.gen_word_narrow.mem_reg_1/ADDRBWRADDR[10]
  -------------------------------------------------------------------    -------------------

                         (clock clk_out2_bosio_out_system_clk_wiz_0_0 rise edge)
                                                      0.000     0.000 r
    BUFGCTRL_X0Y16       BUFG                         0.000     0.000 r  bosio_out_system_i/ps7_0/inst/buffer_fclk_clk_0.FCLK_CLK_0_BUFG/O
                         net (fo=1, routed)           0.864     0.864    bosio_out_system_i/clk_wiz_0/inst/clk_in1
    MMCME2_ADV_X1Y0      MMCME2_ADV (Prop_mmcme2_adv_CLKIN1_CLKOUT1)
                                                     -1.467    -0.603 r  bosio_out_system_i/clk_wiz_0/inst/mmcm_adv_inst/CLKOUT1
                         net (fo=1, routed)           0.576    -0.027    bosio_out_system_i/clk_wiz_0/inst/clk_out2_bosio_out_system_clk_wiz_0_0
    BUFGCTRL_X0Y1        BUFG (Prop_bufg_I_O)         0.029     0.002 r  bosio_out_system_i/clk_wiz_0/inst/clkout2_buf/O
                         net (fo=390, routed)         0.923     0.925    bosio_out_system_i/vid_out_0/inst/COUPLER_INST/generate_async_fifo.FIFO_INST/XPM_FIFO_ASYNC_INST/gnuram_async_fifo.xpm_fifo_base_inst/gen_sdpram.xpm_memory_base_inst/clkb
    RAMB18_X5Y16         RAMB18E1                                     r  bosio_out_system_i/vid_out_0/inst/COUPLER_INST/generate_async_fifo.FIFO_INST/XPM_FIFO_ASYNC_INST/gnuram_async_fifo.xpm_fifo_base_inst/gen_sdpram.xpm_memory_base_inst/gen_wr_a.gen_word_narrow.mem_reg_1/CLKBWRCLK
                         clock pessimism             -0.233     0.692
    RAMB18_X5Y16         RAMB18E1 (Hold_ramb18e1_CLKBWRCLK_ADDRBWRADDR[10])
                                                      0.183     0.875    bosio_out_system_i/vid_out_0/inst/COUPLER_INST/generate_async_fifo.FIFO_INST/XPM_FIFO_ASYNC_INST/gnuram_async_fifo.xpm_fifo_base_inst/gen_sdpram.xpm_memory_base_inst/gen_wr_a.gen_word_narrow.mem_reg_1
  -------------------------------------------------------------------
                         required time                         -0.875
                         arrival time                           0.984
  -------------------------------------------------------------------
                         slack                                  0.109





Pulse Width Checks
--------------------------------------------------------------------------------------
Clock Name:         clk_out2_bosio_out_system_clk_wiz_0_0
Waveform(ns):       { 0.000 6.737 }
Period(ns):         13.474
Sources:            { bosio_out_system_i/clk_wiz_0/inst/mmcm_adv_inst/CLKOUT1 }

Check Type        Corner  Lib Pin             Reference Pin  Required(ns)  Actual(ns)  Slack(ns)  Location         Pin
Min Period        n/a     RAMB18E1/CLKBWRCLK  n/a            2.576         13.474      10.898     RAMB18_X5Y16     bosio_out_system_i/vid_out_0/inst/COUPLER_INST/generate_async_fifo.FIFO_INST/XPM_FIFO_ASYNC_INST/gnuram_async_fifo.xpm_fifo_base_inst/gen_sdpram.xpm_memory_base_inst/gen_wr_a.gen_word_narrow.mem_reg_1/CLKBWRCLK
Max Period        n/a     MMCME2_ADV/CLKOUT1  n/a            213.360       13.474      199.886    MMCME2_ADV_X1Y0  bosio_out_system_i/clk_wiz_0/inst/mmcm_adv_inst/CLKOUT1
Low Pulse Width   Fast    SRL16E/CLK          n/a            0.980         6.737       5.757      SLICE_X108Y28    bosio_out_system_i/rst_ps7_74M/U0/EXT_LPF/POR_SRL_I/CLK
High Pulse Width  Slow    SRL16E/CLK          n/a            0.980         6.737       5.757      SLICE_X108Y28    bosio_out_system_i/rst_ps7_74M/U0/EXT_LPF/POR_SRL_I/CLK



---------------------------------------------------------------------------------------------------
From Clock:  clkfbout_bosio_out_system_clk_wiz_0_0
  To Clock:  clkfbout_bosio_out_system_clk_wiz_0_0

Setup :           NA  Failing Endpoints,  Worst Slack           NA  ,  Total Violation           NA
Hold  :           NA  Failing Endpoints,  Worst Slack           NA  ,  Total Violation           NA
PW    :            0  Failing Endpoints,  Worst Slack        7.845ns,  Total Violation        0.000ns
---------------------------------------------------------------------------------------------------


Pulse Width Checks
--------------------------------------------------------------------------------------
Clock Name:         clkfbout_bosio_out_system_clk_wiz_0_0
Waveform(ns):       { 0.000 5.000 }
Period(ns):         10.000
Sources:            { bosio_out_system_i/clk_wiz_0/inst/mmcm_adv_inst/CLKFBOUT }

Check Type  Corner  Lib Pin             Reference Pin  Required(ns)  Actual(ns)  Slack(ns)  Location         Pin
Min Period  n/a     BUFG/I              n/a            2.155         10.000      7.845      BUFGCTRL_X0Y2    bosio_out_system_i/clk_wiz_0/inst/clkf_buf/I
Max Period  n/a     MMCME2_ADV/CLKFBIN  n/a            100.000       10.000      90.000     MMCME2_ADV_X1Y0  bosio_out_system_i/clk_wiz_0/inst/mmcm_adv_inst/CLKFBIN



---------------------------------------------------------------------------------------------------
From Clock:  clk_fpga_0
  To Clock:  clk_fpga_0

Setup :           NA  Failing Endpoints,  Worst Slack           NA  ,  Total Violation           NA
Hold  :           NA  Failing Endpoints,  Worst Slack           NA  ,  Total Violation           NA
PW    :            0  Failing Endpoints,  Worst Slack        7.845ns,  Total Violation        0.000ns
---------------------------------------------------------------------------------------------------


Pulse Width Checks
--------------------------------------------------------------------------------------
Clock Name:         clk_fpga_0
Waveform(ns):       { 0.000 5.000 }
Period(ns):         10.000
Sources:            { bosio_out_system_i/ps7_0/inst/PS7_i/FCLKCLK[0] }

Check Type  Corner  Lib Pin  Reference Pin  Required(ns)  Actual(ns)  Slack(ns)  Location        Pin
Min Period  n/a     BUFG/I   n/a            2.155         10.000      7.845      BUFGCTRL_X0Y16  bosio_out_system_i/ps7_0/inst/buffer_fclk_clk_0.FCLK_CLK_0_BUFG/I



---------------------------------------------------------------------------------------------------
Path Group:  **async_default**
From Clock:  clk_out1_bosio_out_system_clk_wiz_0_0
  To Clock:  clk_out1_bosio_out_system_clk_wiz_0_0

Setup :            0  Failing Endpoints,  Worst Slack        1.087ns,  Total Violation        0.000ns
Hold  :            0  Failing Endpoints,  Worst Slack        0.744ns,  Total Violation        0.000ns
---------------------------------------------------------------------------------------------------


Max Delay Paths
--------------------------------------------------------------------------------------
Slack (MET) :             1.087ns  (required time - arrival time)
  Source:                 bosio_out_system_i/rst_ps7_100M/U0/ACTIVE_LOW_PR_OUT_DFF[0].FDRE_PER_N/C
                            (rising edge-triggered cell FDRE clocked by clk_out1_bosio_out_system_clk_wiz_0_0  {rise@0.000ns fall@5.000ns period=10.000ns})
  Destination:            bosio_out_system_i/sensor_hub_0/inst/sample_gy_reg[5]/CLR
                            (recovery check against rising-edge clock clk_out1_bosio_out_system_clk_wiz_0_0  {rise@0.000ns fall@5.000ns period=10.000ns})
  Path Group:             **async_default**
  Path Type:              Recovery (Max at Slow Process Corner)
  Requirement:            10.000ns  (clk_out1_bosio_out_system_clk_wiz_0_0 rise@10.000ns - clk_out1_bosio_out_system_clk_wiz_0_0 rise@0.000ns)
  Data Path Delay:        8.314ns  (logic 0.580ns (6.976%)  route 7.734ns (93.024%))
  Logic Levels:           1  (LUT1=1)
  Clock Path Skew:        -0.126ns (DCD - SCD + CPR)
    Destination Clock Delay (DCD):    1.651ns = ( 11.651 - 10.000 )
    Source Clock Delay      (SCD):    1.791ns
    Clock Pessimism Removal (CPR):    0.014ns
  Clock Uncertainty:      0.068ns  ((TSJ^2 + DJ^2)^1/2) / 2 + PE
    Total System Jitter     (TSJ):    0.071ns
    Discrete Jitter          (DJ):    0.116ns
    Phase Error              (PE):    0.000ns

    Location             Delay type                Incr(ns)  Path(ns)    Netlist Resource(s)
  -------------------------------------------------------------------    -------------------
                         (clock clk_out1_bosio_out_system_clk_wiz_0_0 rise edge)
                                                      0.000     0.000 r
    BUFGCTRL_X0Y16       BUFG                         0.000     0.000 r  bosio_out_system_i/ps7_0/inst/buffer_fclk_clk_0.FCLK_CLK_0_BUFG/O
                         net (fo=1, routed)           1.806     1.806    bosio_out_system_i/clk_wiz_0/inst/clk_in1
    MMCME2_ADV_X1Y0      MMCME2_ADV (Prop_mmcme2_adv_CLKIN1_CLKOUT0)
                                                     -3.793    -1.987 r  bosio_out_system_i/clk_wiz_0/inst/mmcm_adv_inst/CLKOUT0
                         net (fo=1, routed)           1.889    -0.098    bosio_out_system_i/clk_wiz_0/inst/clk_out1_bosio_out_system_clk_wiz_0_0
    BUFGCTRL_X0Y0        BUFG (Prop_bufg_I_O)         0.101     0.003 r  bosio_out_system_i/clk_wiz_0/inst/clkout1_buf/O
                         net (fo=25857, routed)       1.788     1.791    bosio_out_system_i/rst_ps7_100M/U0/slowest_sync_clk
    SLICE_X103Y30        FDRE                                         r  bosio_out_system_i/rst_ps7_100M/U0/ACTIVE_LOW_PR_OUT_DFF[0].FDRE_PER_N/C
  -------------------------------------------------------------------    -------------------
    SLICE_X103Y30        FDRE (Prop_fdre_C_Q)         0.456     2.247 r  bosio_out_system_i/rst_ps7_100M/U0/ACTIVE_LOW_PR_OUT_DFF[0].FDRE_PER_N/Q
                         net (fo=86, routed)          4.605     6.852    bosio_out_system_i/sensor_hub_0/inst/rst_n
    SLICE_X30Y24         LUT1 (Prop_lut1_I0_O)        0.124     6.976 f  bosio_out_system_i/sensor_hub_0/inst/m_axis_sensor_tdata[95]_i_2/O
                         net (fo=929, routed)         3.129    10.105    bosio_out_system_i/sensor_hub_0/inst/rst_n_0
    SLICE_X5Y16          FDCE                                         f  bosio_out_system_i/sensor_hub_0/inst/sample_gy_reg[5]/CLR
  -------------------------------------------------------------------    -------------------

                         (clock clk_out1_bosio_out_system_clk_wiz_0_0 rise edge)
                                                     10.000    10.000 r
    BUFGCTRL_X0Y16       BUFG                         0.000    10.000 r  bosio_out_system_i/ps7_0/inst/buffer_fclk_clk_0.FCLK_CLK_0_BUFG/O
                         net (fo=1, routed)           1.612    11.612    bosio_out_system_i/clk_wiz_0/inst/clk_in1
    MMCME2_ADV_X1Y0      MMCME2_ADV (Prop_mmcme2_adv_CLKIN1_CLKOUT0)
                                                     -3.425     8.187 r  bosio_out_system_i/clk_wiz_0/inst/mmcm_adv_inst/CLKOUT0
                         net (fo=1, routed)           1.725     9.912    bosio_out_system_i/clk_wiz_0/inst/clk_out1_bosio_out_system_clk_wiz_0_0
    BUFGCTRL_X0Y0        BUFG (Prop_bufg_I_O)         0.091    10.003 r  bosio_out_system_i/clk_wiz_0/inst/clkout1_buf/O
                         net (fo=25857, routed)       1.648    11.651    bosio_out_system_i/sensor_hub_0/inst/clk
    SLICE_X5Y16          FDCE                                         r  bosio_out_system_i/sensor_hub_0/inst/sample_gy_reg[5]/C
                         clock pessimism              0.014    11.665
                         clock uncertainty           -0.068    11.597
    SLICE_X5Y16          FDCE (Recov_fdce_C_CLR)     -0.405    11.192    bosio_out_system_i/sensor_hub_0/inst/sample_gy_reg[5]
  -------------------------------------------------------------------
                         required time                         11.192
                         arrival time                         -10.105
  -------------------------------------------------------------------
                         slack                                  1.087





Min Delay Paths
--------------------------------------------------------------------------------------
Slack (MET) :             0.744ns  (arrival time - required time)
  Source:                 bosio_out_system_i/axi_mem_intercon/s00_couplers/auto_pc/inst/gen_axi4_axi3.axi3_conv_inst/USE_READ.USE_SPLIT_R.read_addr_inst/USE_R_CHANNEL.cmd_queue/inst/fifo_gen_inst/inst_fifo_gen/gconvfifo.rf/grf.rf/rstblk/ngwrdrst.grst.g7serrst.gnsckt_wrst.gcc_rst.sckt_wr_rst_cc_reg[0]/C
                            (rising edge-triggered cell FDRE clocked by clk_out1_bosio_out_system_clk_wiz_0_0  {rise@0.000ns fall@5.000ns period=10.000ns})
  Destination:            bosio_out_system_i/axi_mem_intercon/s00_couplers/auto_pc/inst/gen_axi4_axi3.axi3_conv_inst/USE_READ.USE_SPLIT_R.read_addr_inst/USE_R_CHANNEL.cmd_queue/inst/fifo_gen_inst/inst_fifo_gen/gconvfifo.rf/grf.rf/gntv_or_sync_fifo.gl0.wr/gwss.wsts/ram_full_fb_i_reg/CLR
                            (removal check against rising-edge clock clk_out1_bosio_out_system_clk_wiz_0_0  {rise@0.000ns fall@5.000ns period=10.000ns})
  Path Group:             **async_default**
  Path Type:              Removal (Min at Fast Process Corner)
  Requirement:            0.000ns  (clk_out1_bosio_out_system_clk_wiz_0_0 rise@0.000ns - clk_out1_bosio_out_system_clk_wiz_0_0 rise@0.000ns)
  Data Path Delay:        0.683ns  (logic 0.209ns (30.589%)  route 0.474ns (69.411%))
  Logic Levels:           1  (LUT3=1)
  Clock Path Skew:        0.031ns (DCD - SCD - CPR)
    Destination Clock Delay (DCD):    0.879ns
    Source Clock Delay      (SCD):    0.615ns
    Clock Pessimism Removal (CPR):    0.233ns

    Location             Delay type                Incr(ns)  Path(ns)    Netlist Resource(s)
  -------------------------------------------------------------------    -------------------
                         (clock clk_out1_bosio_out_system_clk_wiz_0_0 rise edge)
                                                      0.000     0.000 r
    BUFGCTRL_X0Y16       BUFG                         0.000     0.000 r  bosio_out_system_i/ps7_0/inst/buffer_fclk_clk_0.FCLK_CLK_0_BUFG/O
                         net (fo=1, routed)           0.597     0.597    bosio_out_system_i/clk_wiz_0/inst/clk_in1
    MMCME2_ADV_X1Y0      MMCME2_ADV (Prop_mmcme2_adv_CLKIN1_CLKOUT0)
                                                     -1.150    -0.553 r  bosio_out_system_i/clk_wiz_0/inst/mmcm_adv_inst/CLKOUT0
                         net (fo=1, routed)           0.529    -0.024    bosio_out_system_i/clk_wiz_0/inst/clk_out1_bosio_out_system_clk_wiz_0_0
    BUFGCTRL_X0Y0        BUFG (Prop_bufg_I_O)         0.026     0.002 r  bosio_out_system_i/clk_wiz_0/inst/clkout1_buf/O
                         net (fo=25857, routed)       0.613     0.615    bosio_out_system_i/axi_mem_intercon/s00_couplers/auto_pc/inst/gen_axi4_axi3.axi3_conv_inst/USE_READ.USE_SPLIT_R.read_addr_inst/USE_R_CHANNEL.cmd_queue/inst/fifo_gen_inst/inst_fifo_gen/gconvfifo.rf/grf.rf/rstblk/clk
    SLICE_X2Y22          FDRE                                         r  bosio_out_system_i/axi_mem_intercon/s00_couplers/auto_pc/inst/gen_axi4_axi3.axi3_conv_inst/USE_READ.USE_SPLIT_R.read_addr_inst/USE_R_CHANNEL.cmd_queue/inst/fifo_gen_inst/inst_fifo_gen/gconvfifo.rf/grf.rf/rstblk/ngwrdrst.grst.g7serrst.gnsckt_wrst.gcc_rst.sckt_wr_rst_cc_reg[0]/C
  -------------------------------------------------------------------    -------------------
    SLICE_X2Y22          FDRE (Prop_fdre_C_Q)         0.164     0.779 f  bosio_out_system_i/axi_mem_intercon/s00_couplers/auto_pc/inst/gen_axi4_axi3.axi3_conv_inst/USE_READ.USE_SPLIT_R.read_addr_inst/USE_R_CHANNEL.cmd_queue/inst/fifo_gen_inst/inst_fifo_gen/gconvfifo.rf/grf.rf/rstblk/ngwrdrst.grst.g7serrst.gnsckt_wrst.gcc_rst.sckt_wr_rst_cc_reg[0]/Q
                         net (fo=2, routed)           0.175     0.954    bosio_out_system_i/axi_mem_intercon/s00_couplers/auto_pc/inst/gen_axi4_axi3.axi3_conv_inst/USE_READ.USE_SPLIT_R.read_addr_inst/USE_R_CHANNEL.cmd_queue/inst/fifo_gen_inst/inst_fifo_gen/gconvfifo.rf/grf.rf/rstblk/sckt_wr_rst_cc[0]
    SLICE_X2Y22          LUT3 (Prop_lut3_I1_O)        0.045     0.999 f  bosio_out_system_i/axi_mem_intercon/s00_couplers/auto_pc/inst/gen_axi4_axi3.axi3_conv_inst/USE_READ.USE_SPLIT_R.read_addr_inst/USE_R_CHANNEL.cmd_queue/inst/fifo_gen_inst/inst_fifo_gen/gconvfifo.rf/grf.rf/rstblk/gpregsm1.curr_fwft_state[1]_i_2/O
                         net (fo=33, routed)          0.299     1.298    bosio_out_system_i/axi_mem_intercon/s00_couplers/auto_pc/inst/gen_axi4_axi3.axi3_conv_inst/USE_READ.USE_SPLIT_R.read_addr_inst/USE_R_CHANNEL.cmd_queue/inst/fifo_gen_inst/inst_fifo_gen/gconvfifo.rf/grf.rf/gntv_or_sync_fifo.gl0.wr/gwss.wsts/ram_full_i_reg_0
    SLICE_X3Y25          FDCE                                         f  bosio_out_system_i/axi_mem_intercon/s00_couplers/auto_pc/inst/gen_axi4_axi3.axi3_conv_inst/USE_READ.USE_SPLIT_R.read_addr_inst/USE_R_CHANNEL.cmd_queue/inst/fifo_gen_inst/inst_fifo_gen/gconvfifo.rf/grf.rf/gntv_or_sync_fifo.gl0.wr/gwss.wsts/ram_full_fb_i_reg/CLR
  -------------------------------------------------------------------    -------------------

                         (clock clk_out1_bosio_out_system_clk_wiz_0_0 rise edge)
                                                      0.000     0.000 r
    BUFGCTRL_X0Y16       BUFG                         0.000     0.000 r  bosio_out_system_i/ps7_0/inst/buffer_fclk_clk_0.FCLK_CLK_0_BUFG/O
                         net (fo=1, routed)           0.864     0.864    bosio_out_system_i/clk_wiz_0/inst/clk_in1
    MMCME2_ADV_X1Y0      MMCME2_ADV (Prop_mmcme2_adv_CLKIN1_CLKOUT0)
                                                     -1.467    -0.603 r  bosio_out_system_i/clk_wiz_0/inst/mmcm_adv_inst/CLKOUT0
                         net (fo=1, routed)           0.576    -0.027    bosio_out_system_i/clk_wiz_0/inst/clk_out1_bosio_out_system_clk_wiz_0_0
    BUFGCTRL_X0Y0        BUFG (Prop_bufg_I_O)         0.029     0.002 r  bosio_out_system_i/clk_wiz_0/inst/clkout1_buf/O
                         net (fo=25857, routed)       0.877     0.879    bosio_out_system_i/axi_mem_intercon/s00_couplers/auto_pc/inst/gen_axi4_axi3.axi3_conv_inst/USE_READ.USE_SPLIT_R.read_addr_inst/USE_R_CHANNEL.cmd_queue/inst/fifo_gen_inst/inst_fifo_gen/gconvfifo.rf/grf.rf/gntv_or_sync_fifo.gl0.wr/gwss.wsts/clk
    SLICE_X3Y25          FDCE                                         r  bosio_out_system_i/axi_mem_intercon/s00_couplers/auto_pc/inst/gen_axi4_axi3.axi3_conv_inst/USE_READ.USE_SPLIT_R.read_addr_inst/USE_R_CHANNEL.cmd_queue/inst/fifo_gen_inst/inst_fifo_gen/gconvfifo.rf/grf.rf/gntv_or_sync_fifo.gl0.wr/gwss.wsts/ram_full_fb_i_reg/C
                         clock pessimism             -0.233     0.646
    SLICE_X3Y25          FDCE (Remov_fdce_C_CLR)     -0.092     0.554    bosio_out_system_i/axi_mem_intercon/s00_couplers/auto_pc/inst/gen_axi4_axi3.axi3_conv_inst/USE_READ.USE_SPLIT_R.read_addr_inst/USE_R_CHANNEL.cmd_queue/inst/fifo_gen_inst/inst_fifo_gen/gconvfifo.rf/grf.rf/gntv_or_sync_fifo.gl0.wr/gwss.wsts/ram_full_fb_i_reg
  -------------------------------------------------------------------
                         required time                         -0.554
                         arrival time                           1.298
  -------------------------------------------------------------------
                         slack                                  0.744
